{
  "fields": [
    {
      "name": "id",
      "type": "INT64",
      "table": "test",
      "orgTable": "test",
      "database": "mattdb",
      "orgName": "id",
      "columnLength": 20,
      "charset": 63,
      "flags": 49667
    },
    {
      "name": "a",
      "type": "INT8",
      "table": "test",
      "orgTable": "test",
      "database": "mattdb",
      "orgName": "a",
      "columnLength": 4,
      "charset": 63,
      "flags": 32768
    },
    {
      "name": "b",
      "type": "INT16",
      "table": "test",
      "orgTable": "test",
      "database": "mattdb",
      "orgName": "b",
      "columnLength": 6,
      "charset": 63,
      "flags": 32768
    },
    {
      "name": "c",
      "type": "INT24",
      "table": "test",
      "orgTable": "test",
      "database": "mattdb",
      "orgName": "c",
      "columnLength": 9,
      "charset": 63,
      "flags": 32768
    },
    {
      "name": "d",
      "type": "INT32",
      "table": "test",
      "orgTable": "test",
      "database": "mattdb",
      "orgName": "d",
      "columnLength": 11,
      "charset": 63,
      "flags": 32768
    },
    {
      "name": "e",
      "type": "INT64",
      "table": "test",
      "orgTable": "test",
      "database": "mattdb",
      "orgName": "e",
      "columnLength": 20,
      "charset": 63,
      "flags": 32768
    },
    {
      "name": "f",
      "type": "DECIMAL",
      "table": "test",
      "orgTable": "test",
      "database": "mattdb",
      "orgName": "f",
      "columnLength": 4,
      "charset": 63,
      "decimals": 1,
      "flags": 32768
    },
    {
      "name": "g",
      "type": "DECIMAL",
      "table": "test",
      "orgTable": "test",
      "database": "mattdb",
      "orgName": "g",
      "columnLength": 4,
      "charset": 63,
      "decimals": 1,
      "flags": 32768
    },
    {
      "name": "h",
      "type": "FLOAT32",
      "table": "test",
      "orgTable": "test",
      "database": "mattdb",
      "orgName": "h",
      "columnLength": 12,
      "charset": 63,
      "decimals": 31,
      "flags": 32768
    },
    {
      "name": "i",
      "type": "FLOAT64",
      "table": "test",
      "orgTable": "test",
      "database": "mattdb",
      "orgName": "i",
      "columnLength": 22,
      "charset": 63,
      "decimals": 31,
      "flags": 32768
    },
    {
      "name": "j",
      "type": "BIT",
      "table": "test",
      "orgTable": "test",
      "database": "mattdb",
      "orgName": "j",
      "columnLength": 3,
      "charset": 63,
      "flags": 32
    },
    {
      "name": "k",
      "type": "DATE",
      "table": "test",
      "orgTable": "test",
      "database": "mattdb",
      "orgName": "k",
      "columnLength": 10,
      "charset": 63,
      "flags": 128
    },
    {
      "name": "l",
      "type": "DATETIME",
      "table": "test",
      "orgTable": "test",
      "database": "mattdb",
      "orgName": "l",
      "columnLength": 19,
      "charset": 63,
      "flags": 128
    },
    {
      "name": "m",
      "type": "TIMESTAMP",
      "table": "test",
      "orgTable": "test",
      "database": "mattdb",
      "orgName": "m",
      "columnLength": 19,
      "charset": 63,
      "flags": 128
    },
    {
      "name": "n",
      "type": "TIME",
      "table": "test",
      "orgTable": "test",
      "database": "mattdb",
      "orgName": "n",
      "columnLength": 10,
      "charset": 63,
      "flags": 128
    },
    {
      "name": "o",
      "type": "YEAR",
      "table": "test",
      "orgTable": "test",
      "database": "mattdb",
      "orgName": "o",
      "columnLength": 4,
      "charset": 63,
      "flags": 32864
    },
    {
      "name": "p",
      "type": "CHAR",
      "table": "test",
      "orgTable": "test",
      "database": "mattdb",
      "orgName": "p",
      "columnLength": 16,
      "charset": 255
    },
    {
      "name": "q",
      "type": "VARCHAR",
      "table": "test",
      "orgTable": "test",
      "database": "mattdb",
      "orgName": "q",
      "columnLength": 16,
      "charset": 255
    },
    {
      "name": "r",
      "type": "BINARY",
      "table": "test",
      "orgTable": "test",
      "database": "mattdb",
      "orgName": "r",
      "columnLength": 4,
      "charset": 63,
      "flags": 128
    },
    {
      "name": "s",
      "type": "VARBINARY",
      "table": "test",
      "orgTable": "test",
      "database": "mattdb",
      "orgName": "s",
      "columnLength": 4,
      "charset": 63,
      "flags": 128
    },
    {
      "name": "t",
      "type": "BLOB",
      "table": "test",
      "orgTable": "test",
      "database": "mattdb",
      "orgName": "t",
      "columnLength": 255,
      "charset": 63,
      "flags": 144
    },
    {
      "name": "u",
      "type": "BLOB",
      "table": "test",
      "orgTable": "test",
      "database": "mattdb",
      "orgName": "u",
      "columnLength": 65535,
      "charset": 63,
      "flags": 144
    },
    {
      "name": "v",
      "type": "BLOB",
      "table": "test",
      "orgTable": "test",
      "database": "mattdb",
      "orgName": "v",
      "columnLength": 16777215,
      "charset": 63,
      "flags": 144
    },
    {
      "name": "w",
      "type": "BLOB",
      "table": "test",
      "orgTable": "test",
      "database": "mattdb",
      "orgName": "w",
      "columnLength": 4294967295,
      "charset": 63,
      "flags": 144
    },
    {
      "name": "x",
      "type": "TEXT",
      "table": "test",
      "orgTable": "test",
      "database": "mattdb",
      "orgName": "x",
      "columnLength": 1020,
      "charset": 255,
      "flags": 16
    },
    {
      "name": "y",
      "type": "TEXT",
      "table": "test",
      "orgTable": "test",
      "database": "mattdb",
      "orgName": "y",
      "columnLength": 262140,
      "charset": 255,
      "flags": 16
    },
    {
      "name": "z",
      "type": "TEXT",
      "table": "test",
      "orgTable": "test",
      "database": "mattdb",
      "orgName": "z",
      "columnLength": 67108860,
      "charset": 255,
      "flags": 16
    },
    {
      "name": "aa",
      "type": "TEXT",
      "table": "test",
      "orgTable": "test",
      "database": "mattdb",
      "orgName": "aa",
      "columnLength": 4294967295,
      "charset": 255,
      "flags": 16
    },
    {
      "name": "ab",
      "type": "ENUM",
      "table": "test",
      "orgTable": "test",
      "database": "mattdb",
      "orgName": "ab",
      "columnLength": 12,
      "charset": 255,
      "flags": 256
    },
    {
      "name": "ac",
      "type": "SET",
      "table": "test",
      "orgTable": "test",
      "database": "mattdb",
      "orgName": "ac",
      "columnLength": 28,
      "charset": 255,
      "flags": 2048
    },
    {
      "name": "ad",
      "type": "JSON",
      "table": "test",
      "orgTable": "test",
      "database": "mattdb",
      "orgName": "ad",
      "columnLength": 4294967295,
      "charset": 63,
      "flags": 144
    },
    {
      "name": "ae",
      "type": "GEOMETRY",
      "table": "test",
      "orgTable": "test",
      "database": "mattdb",
      "orgName": "ae",
      "columnLength": 4294967295,
      "charset": 63,
      "flags": 144
    },
    {
      "name": "af",
      "type": "GEOMETRY",
      "table": "test",
      "orgTable": "test",
      "database": "mattdb",
      "orgName": "af",
      "columnLength": 4294967295,
      "charset": 63,
      "flags": 144
    },
    {
      "name": "ag",
      "type": "GEOMETRY",
      "table": "test",
      "orgTable": "test",
      "database": "mattdb",
      "orgName": "ag",
      "columnLength": 4294967295,
      "charset": 63,
      "flags": 144
    },
    {
      "name": "ah",
      "type": "GEOMETRY",
      "table": "test",
      "orgTable": "test",
      "database": "mattdb",
      "orgName": "ah",
      "columnLength": 4294967295,
      "charset": 63,
      "flags": 144
    },
    {
      "name": "ai",
      "type": "UINT8",
      "table": "test",
      "orgTable": "test",
      "database": "mattdb",
      "orgName": "ai",
      "columnLength": 3,
      "charset": 63,
      "flags": 32800
    },
    {
      "name": "aj",
      "type": "UINT24",
      "table": "test",
      "orgTable": "test",
      "database": "mattdb",
      "orgName": "aj",
      "columnLength": 8,
      "charset": 63,
      "flags": 32800
    },
    {
      "name": "ak",
      "type": "UINT32",
      "table": "test",
      "orgTable": "test",
      "database": "mattdb",
      "orgName": "ak",
      "columnLength": 10,
      "charset": 63,
      "flags": 32800
    },
    {
      "name": "al",
      "type": "UINT64",
      "table": "test",
      "orgTable": "test",
      "database": "mattdb",
      "orgName": "al",
      "columnLength": 20,
      "charset": 63,
      "flags": 32800
    },
    {
      "name": "xa",
      "type": "BINARY",
      "table": "test",
      "orgTable": "test",
      "database": "mattdb",
      "orgName": "xa",
      "columnLength": 16,
      "charset": 255,
      "flags": 128
    },
    {
      "name": "xb",
      "type": "BINARY",
      "table": "test",
      "orgTable": "test",
      "database": "mattdb",
      "orgName": "xb",
      "columnLength": 16,
      "charset": 255,
      "flags": 128
    },
    {
      "name": "xc",
      "type": "BINARY",
      "table": "test",
      "orgTable": "test",
      "database": "mattdb",
      "orgName": "xc",
      "columnLength": 4,
      "charset": 63,
      "flags": 128
    },
    {
      "name": "xd",
      "type": "BLOB",
      "table": "test",
      "orgTable": "test",
      "database": "mattdb",
      "orgName": "xd",
      "columnLength": 262140,
      "charset": 255,
      "flags": 144
    },
    {
      "name": "NULL",
      "charset": 63,
      "flags": 32896
    }
  ],
  "rows": [
    {
      "lengths": [
        "1",
        "1",
        "1",
        "1",
        "1",
        "1",
        "3",
        "3",
        "3",
        "3",
        "1",
        "10",
        "19",
        "19",
        "8",
        "4",
        "1",
        "1",
        "4",
        "1",
        "1",
        "1",
        "1",
        "1",
        "1",
        "1",
        "1",
        "2",
        "3",
        "7",
        "25",
        "61",
        "25",
        "61",
        "149",
        "1",
        "1",
        "1",
        "1",
        "2",
        "2",
        "4",
        "2",
        "-1"
      ],
      "values": "MTExMTExMS4xMS4xMS4xMS4xBzEwMDAtMDEtMDExMDAwLTAxLTAxIDAxOjAxOjAxMTk3MC0wMS0wMSAwMDowMTowMTAxOjAxOjAxMjAwNnBxcgAAAHN0dXZ3eHl6YWFmb29mb28sYmFyeyJhZCI6IG51bGwsICJmb28iOiAiw7wifQAAAAABAgAAAAMAAAAAAAAAAAAAAAAAAAAAAAAAAAAAAAAA8D8AAAAAAADwPwAAAAAAAABAAAAAAAAAAAAAAAAAAQEAAAAAAAAAAADwPwAAAAAAAPA/AAAAAAECAAAAAwAAAAAAAAAAAAAAAAAAAAAAAAAAAAAAAADwPwAAAAAAAPA/AAAAAAAAAEAAAAAAAAAAAAAAAAABAwAAAAIAAAAEAAAAAAAAAAAAAAAAAAAAAAAAAAAAAAAAAAAAAAAAAAAACEAAAAAAAAAIQAAAAAAAAAAAAAAAAAAAAAAAAAAAAAAAAAQAAAAAAAAAAADwPwAAAAAAAPA/AAAAAAAA8D8AAAAAAAAAQAAAAAAAAABAAAAAAAAA8D8AAAAAAADwPwAAAAAAAPA/MTExMXhheGJ4YwAAeGQ="
    }
  ]
}
